Re-drafting ['PJRF'] for Patient-004…
  [retry] Patient-004/PJRF: correct option is length-biased (1/5)
Re-drafting ['TCM'] for Patient-006…
  [retry] Patient-006/TCM: correct option is length-biased (1/5)
Re-drafting ['TCM'] for Patient-008…
  [retry] Patient-008/TCM: correct option is length-biased (1/5)
  [retry] Patient-008/TCM: correct option is length-biased (2/5)
Re-drafting ['PJRF'] for Patient-015…
  [retry] Patient-015/PJRF: correct option is length-biased (1/5)
  [retry] Patient-015/PJRF: correct option is length-biased (2/5)
Re-drafting ['TCM'] for Patient-019…
Re-drafting ['TCM'] for Patient-031…
Re-drafting ['TCM'] for Patient-048…
Re-drafting ['TCM'] for Patient-059…
Re-drafting ['PJRF'] for Patient-062…
Re-drafting ['PJRF', 'TCM'] for Patient-063…
  [retry] Patient-063/TCM: correct option is length-biased (1/5)
  [retry] Patient-063/TCM: correct option is length-biased (2/5)
Re-drafting ['TCM'] for Patient-071…
  [retry] Patient-071/TCM: correct option is length-biased (1/5)
  [retry] Patient-071/TCM: correct option is length-biased (2/5)
  [retry] Patient-071/TCM: correct option is length-biased (3/5)
Re-drafting ['TCM'] for Patient-072…
Re-drafting ['TCM'] for Patient-073…
Re-drafting ['PJRF'] for Patient-074…
Re-drafting ['TCM'] for Patient-077…
  [retry] Patient-077/TCM: correct option is length-biased (1/5)
Re-drafting ['PJRF'] for Patient-078…
