Drafting chain for Patient-002…
  -> data/lumiere/drafts_v2/Patient-002.json (5 phases drafted)
Drafting chain for Patient-003…
  -> data/lumiere/drafts_v2/Patient-003.json (5 phases drafted)
Drafting chain for Patient-004…
  -> data/lumiere/drafts_v2/Patient-004.json (5 phases drafted)
Drafting chain for Patient-006…
  -> data/lumiere/drafts_v2/Patient-006.json (5 phases drafted)
Drafting chain for Patient-007…
  -> data/lumiere/drafts_v2/Patient-007.json (5 phases drafted)
Drafting chain for Patient-008…
  [retry] Patient-008/TCM: correct option is length-biased (1/3)
  -> data/lumiere/drafts_v2/Patient-008.json (5 phases drafted)
Drafting chain for Patient-009…
  [retry] Patient-009/TCM: correct option is length-biased (1/3)
  -> data/lumiere/drafts_v2/Patient-009.json (5 phases drafted)
Drafting chain for Patient-012…
  -> data/lumiere/drafts_v2/Patient-012.json (5 phases drafted)
Drafting chain for Patient-015…
  [retry] Patient-015/PJRF: correct option is length-biased (1/3)
  -> data/lumiere/drafts_v2/Patient-015.json (5 phases drafted)
Drafting chain for Patient-018…
  -> data/lumiere/drafts_v2/Patient-018.json (5 phases drafted)
Drafting chain for Patient-019…
  -> data/lumiere/drafts_v2/Patient-019.json (5 phases drafted)
Drafting chain for Patient-022…
  -> data/lumiere/drafts_v2/Patient-022.json (5 phases drafted)
Drafting chain for Patient-023…
  -> data/lumiere/drafts_v2/Patient-023.json (5 phases drafted)
Drafting chain for Patient-024…
  -> data/lumiere/drafts_v2/Patient-024.json (5 phases drafted)
Drafting chain for Patient-028…
  -> data/lumiere/drafts_v2/Patient-028.json (5 phases drafted)
Drafting chain for Patient-029…
  -> data/lumiere/drafts_v2/Patient-029.json (5 phases drafted)
Drafting chain for Patient-030…
  -> data/lumiere/drafts_v2/Patient-030.json (5 phases drafted)
Drafting chain for Patient-031…
  -> data/lumiere/drafts_v2/Patient-031.json (5 phases drafted)
Drafting chain for Patient-032…
  -> data/lumiere/drafts_v2/Patient-032.json (5 phases drafted)
Drafting chain for Patient-033…
  -> data/lumiere/drafts_v2/Patient-033.json (5 phases drafted)
Drafting chain for Patient-034…
  -> data/lumiere/drafts_v2/Patient-034.json (5 phases drafted)
Drafting chain for Patient-035…
  -> data/lumiere/drafts_v2/Patient-035.json (5 phases drafted)
Drafting chain for Patient-037…
  -> data/lumiere/drafts_v2/Patient-037.json (5 phases drafted)
Drafting chain for Patient-041…
  [skip] Patient-041/TCM: draft parse failed
  -> data/lumiere/drafts_v2/Patient-041.json (4 phases drafted)
Drafting chain for Patient-042…
  [retry] Patient-042/TCM: correct option is length-biased (1/3)
  -> data/lumiere/drafts_v2/Patient-042.json (5 phases drafted)
Drafting chain for Patient-043…
  -> data/lumiere/drafts_v2/Patient-043.json (5 phases drafted)
Drafting chain for Patient-048…
  -> data/lumiere/drafts_v2/Patient-048.json (5 phases drafted)
Drafting chain for Patient-049…
  -> data/lumiere/drafts_v2/Patient-049.json (5 phases drafted)
Drafting chain for Patient-051…
  -> data/lumiere/drafts_v2/Patient-051.json (5 phases drafted)
Drafting chain for Patient-052…
  -> data/lumiere/drafts_v2/Patient-052.json (5 phases drafted)
Drafting chain for Patient-054…
  -> data/lumiere/drafts_v2/Patient-054.json (5 phases drafted)
Drafting chain for Patient-055…
  [retry] Patient-055/PJRF: correct option is length-biased (1/3)
  [retry] Patient-055/PJRF: correct option is length-biased (2/3)
  -> data/lumiere/drafts_v2/Patient-055.json (5 phases drafted)
Drafting chain for Patient-058…
  -> data/lumiere/drafts_v2/Patient-058.json (5 phases drafted)
Drafting chain for Patient-059…
  [retry] Patient-059/TCM: correct option is length-biased (1/3)
  -> data/lumiere/drafts_v2/Patient-059.json (5 phases drafted)
Drafting chain for Patient-060…
  [retry] Patient-060/TCM: correct option is length-biased (1/3)
  [retry] Patient-060/TCM: correct option is length-biased (2/3)
  -> data/lumiere/drafts_v2/Patient-060.json (5 phases drafted)
Drafting chain for Patient-061…
  -> data/lumiere/drafts_v2/Patient-061.json (5 phases drafted)
Drafting chain for Patient-062…
  -> data/lumiere/drafts_v2/Patient-062.json (5 phases drafted)
Drafting chain for Patient-063…
  -> data/lumiere/drafts_v2/Patient-063.json (5 phases drafted)
Drafting chain for Patient-064…
  [retry] Patient-064/TCM: correct option is length-biased (1/3)
  -> data/lumiere/drafts_v2/Patient-064.json (5 phases drafted)
Drafting chain for Patient-065…
  [retry] Patient-065/PJRF: correct option is length-biased (1/3)
  -> data/lumiere/drafts_v2/Patient-065.json (5 phases drafted)
Drafting chain for Patient-066…
  -> data/lumiere/drafts_v2/Patient-066.json (5 phases drafted)
Drafting chain for Patient-067…
  [retry] Patient-067/PJRF: correct option is length-biased (1/3)
  -> data/lumiere/drafts_v2/Patient-067.json (5 phases drafted)
Drafting chain for Patient-068…
  -> data/lumiere/drafts_v2/Patient-068.json (5 phases drafted)
Drafting chain for Patient-070…
  -> data/lumiere/drafts_v2/Patient-070.json (5 phases drafted)
Drafting chain for Patient-071…
  -> data/lumiere/drafts_v2/Patient-071.json (5 phases drafted)
Drafting chain for Patient-072…
  -> data/lumiere/drafts_v2/Patient-072.json (5 phases drafted)
Drafting chain for Patient-073…
  -> data/lumiere/drafts_v2/Patient-073.json (5 phases drafted)
Drafting chain for Patient-074…
  -> data/lumiere/drafts_v2/Patient-074.json (5 phases drafted)
Drafting chain for Patient-075…
  -> data/lumiere/drafts_v2/Patient-075.json (5 phases drafted)
Drafting chain for Patient-077…
  -> data/lumiere/drafts_v2/Patient-077.json (5 phases drafted)
Drafting chain for Patient-078…
  [retry] Patient-078/TCM: correct option is length-biased (1/3)
  [retry] Patient-078/TCM: correct option is length-biased (2/3)
  -> data/lumiere/drafts_v2/Patient-078.json (5 phases drafted)
Drafting chain for Patient-085…
  -> data/lumiere/drafts_v2/Patient-085.json (5 phases drafted)
Drafting chain for Patient-089…
  -> data/lumiere/drafts_v2/Patient-089.json (5 phases drafted)
Drafting chain for Patient-091…
  -> data/lumiere/drafts_v2/Patient-091.json (5 phases drafted)
