Building v3 for Patient-002 (re-drafting ['LIL', 'PJRF', 'TCM'])…
  [retry] Patient-002/TCM: leaks ["option A: direction 'regress'"] (1/8)
  -> data/lumiere/v3/drafts/Patient-002.json  (clean)
Building v3 for Patient-003 (re-drafting ['LIL', 'PJRF', 'TCM'])…
  [retry] Patient-003/TCM: leaks ["option B: direction 'regress'"] (1/8)
  -> data/lumiere/v3/drafts/Patient-003.json  (clean)
Building v3 for Patient-004 (re-drafting ['LIL', 'PJRF', 'TCM'])…
  [retry] Patient-004/TCM: leaks ["option C: direction 'progression'"] (1/8)
  [retry] Patient-004/TCM: correct option is length/wording-biased (2/5)
  [retry] Patient-004/TCM: leaks ["option C: direction 'increase'", "option D: direction 'growth'"] (3/8)
  -> data/lumiere/v3/drafts/Patient-004.json  (clean)
Building v3 for Patient-006 (re-drafting ['LIL', 'PJRF', 'TCM'])…
  [retry] Patient-006/TCM: correct option is length/wording-biased (1/5)
  -> data/lumiere/v3/drafts/Patient-006.json  (clean)
Building v3 for Patient-007 (re-drafting ['LIL', 'PJRF', 'TCM'])…
  -> data/lumiere/v3/drafts/Patient-007.json  (clean)
Building v3 for Patient-008 (re-drafting ['LIL', 'PJRF', 'TCM'])…
  -> data/lumiere/v3/drafts/Patient-008.json  (clean)
Building v3 for Patient-009 (re-drafting ['LIL', 'PJRF', 'TCM'])…
  [retry] Patient-009/PJRF: leaks ["option C: direction 'reduced'"] (1/8)
  -> data/lumiere/v3/drafts/Patient-009.json  (clean)
Building v3 for Patient-012 (re-drafting ['LIL', 'PJRF', 'TCM'])…
  -> data/lumiere/v3/drafts/Patient-012.json  (clean)
Building v3 for Patient-015 (re-drafting ['LIL', 'PJRF', 'TCM'])…
  [retry] Patient-015/TCM: leaks ["option A: direction 'progression'", "option C: direction 'progression'"] (1/8)
  -> data/lumiere/v3/drafts/Patient-015.json  (clean)
Building v3 for Patient-018 (re-drafting ['LIL', 'PJRF', 'TCM'])…
  [retry] Patient-018/TCM: leaks ["option B: direction 'progression'"] (1/8)
  -> data/lumiere/v3/drafts/Patient-018.json  (clean)
Building v3 for Patient-019 (re-drafting ['PJRF', 'TCM'])…
  -> data/lumiere/v3/drafts/Patient-019.json  (clean)
Building v3 for Patient-022 (re-drafting ['LIL', 'PJRF', 'TCM'])…
  [retry] Patient-022/TCM: leaks ["option C: direction 'resolution'"] (1/8)
  -> data/lumiere/v3/drafts/Patient-022.json  (clean)
Building v3 for Patient-023 (re-drafting ['LIL', 'PJRF', 'TCM'])…
  -> data/lumiere/v3/drafts/Patient-023.json  (clean)
Building v3 for Patient-024 (re-drafting ['LIL', 'PJRF', 'TCM'])…
  [retry] Patient-024/PJRF: correct option is length/wording-biased (1/5)
  -> data/lumiere/v3/drafts/Patient-024.json  (clean)
Building v3 for Patient-028 (re-drafting ['LIL', 'PJRF', 'TCM'])…
  [retry] Patient-028/TCM: leaks ["option A: direction 'progression'"] (1/8)
  -> data/lumiere/v3/drafts/Patient-028.json  (clean)
Building v3 for Patient-029 (re-drafting ['LIL', 'PJRF', 'TCM'])…
  [retry] Patient-029/PJRF: leaks ["option D: direction 'progression'"] (1/8)
  [retry] Patient-029/PJRF: correct option is length/wording-biased (2/5)
  [retry] Patient-029/TCM: leaks ['option D: percentage', "option D: direction 'Reduce'"] (1/8)
  -> data/lumiere/v3/drafts/Patient-029.json  (clean)
Building v3 for Patient-030 (re-drafting ['LIL', 'PJRF', 'TCM'])…
  [retry] Patient-030/TCM: leaks ["option C: direction 'Increase'"] (1/8)
  -> data/lumiere/v3/drafts/Patient-030.json  (clean)
Building v3 for Patient-031 (re-drafting ['LIL', 'PJRF', 'TCM'])…
  -> data/lumiere/v3/drafts/Patient-031.json  (clean)
Building v3 for Patient-032 (re-drafting ['LIL', 'PJRF', 'TCM'])…
  -> data/lumiere/v3/drafts/Patient-032.json  (clean)
Building v3 for Patient-033 (re-drafting ['LIL', 'PJRF', 'TCM'])…
  [retry] Patient-033/LIL: correct option is length/wording-biased (1/5)
  [retry] Patient-033/TCM: leaks ["option A: direction 'progression'"] (1/8)
  -> data/lumiere/v3/drafts/Patient-033.json  (clean)
Building v3 for Patient-034 (re-drafting ['LIL', 'PJRF', 'TCM'])…
  -> data/lumiere/v3/drafts/Patient-034.json  (clean)
Building v3 for Patient-035 (re-drafting ['PJRF', 'TCM'])…
  [retry] Patient-035/PJRF: correct option is length/wording-biased (1/5)
  [retry] Patient-035/PJRF: correct option is length/wording-biased (2/5)
  [retry] Patient-035/PJRF: leaks ["option B: direction 'progression'"] (3/8)
  [retry] Patient-035/TCM: leaks ["option C: direction 'Increase'"] (1/8)
  -> data/lumiere/v3/drafts/Patient-035.json  (clean)
Building v3 for Patient-037 (re-drafting ['LIL', 'PJRF', 'TCM'])…
  [retry] Patient-037/TCM: leaks ["option D: direction 'Increase'"] (1/8)
  [retry] Patient-037/TCM: correct option is length/wording-biased (2/5)
  [retry] Patient-037/TCM: correct option is length/wording-biased (3/5)
  [retry] Patient-037/TCM: leaks ["option D: RANO label 'complete response'"] (4/8)
  -> data/lumiere/v3/drafts/Patient-037.json  (clean)
Building v3 for Patient-041 (re-drafting ['LIL', 'PJRF', 'TCM'])…
  [retry] Patient-041/PJRF: leaks ["option C: direction 'reduce'"] (1/8)
  -> data/lumiere/v3/drafts/Patient-041.json  (clean)
Building v3 for Patient-042 (re-drafting ['LIL', 'PJRF', 'TCM'])…
  [retry] Patient-042/PJRF: leaks ["option C: direction 'progression'", "option D: direction 'reduced'"] (1/8)
  [retry] Patient-042/PJRF: correct option is length/wording-biased (2/5)
  -> data/lumiere/v3/drafts/Patient-042.json  (clean)
Building v3 for Patient-043 (re-drafting ['LIL', 'PJRF', 'TCM'])…
  [retry] Patient-043/PJRF: leaks ["option A: direction 'progression'"] (1/8)
  [retry] Patient-043/TCM: leaks ['option C: percentage', "option C: direction 'Reduce'"] (1/8)
  -> data/lumiere/v3/drafts/Patient-043.json  (clean)
Building v3 for Patient-048 (re-drafting ['LIL', 'PJRF', 'TCM'])…
  -> data/lumiere/v3/drafts/Patient-048.json  (clean)
  [skip] Patient-049: missing v2 draft or facts
Building v3 for Patient-051 (re-drafting ['LIL', 'PJRF', 'TCM'])…
  -> data/lumiere/v3/drafts/Patient-051.json  (clean)
Building v3 for Patient-052 (re-drafting ['LIL', 'PJRF', 'TCM'])…
  [retry] Patient-052/TCM: leaks ["option A: direction 'progression'", "option B: direction 'progression'", "option C: direction 'progression'"] (1/8)
  -> data/lumiere/v3/drafts/Patient-052.json  (clean)
Building v3 for Patient-054 (re-drafting ['LIL', 'PJRF', 'TCM'])…
  -> data/lumiere/v3/drafts/Patient-054.json  (clean)
Building v3 for Patient-055 (re-drafting ['LIL', 'PJRF', 'TCM'])…
  [retry] Patient-055/TCM: leaks ["option D: direction 'Increase'"] (1/8)
  -> data/lumiere/v3/drafts/Patient-055.json  (clean)
Building v3 for Patient-058 (re-drafting ['PJRF', 'TCM'])…
  [retry] Patient-058/TCM: leaks ["option C: direction 'increased'"] (1/8)
  -> data/lumiere/v3/drafts/Patient-058.json  (clean)
Building v3 for Patient-059 (re-drafting ['LIL', 'PJRF', 'TCM'])…
  [retry] Patient-059/PJRF: correct option is length/wording-biased (1/5)
  -> data/lumiere/v3/drafts/Patient-059.json  (clean)
Building v3 for Patient-060 (re-drafting ['LIL', 'PJRF', 'TCM'])…
  -> data/lumiere/v3/drafts/Patient-060.json  (clean)
Building v3 for Patient-061 (re-drafting ['LIL', 'PJRF', 'TCM'])…
  -> data/lumiere/v3/drafts/Patient-061.json  (clean)
Building v3 for Patient-062 (re-drafting ['LIL', 'PJRF', 'TCM'])…
  -> data/lumiere/v3/drafts/Patient-062.json  (clean)
Building v3 for Patient-063 (re-drafting ['PJRF', 'TCM'])…
  [retry] Patient-063/TCM: leaks ["option B: direction 'progression'"] (1/8)
  -> data/lumiere/v3/drafts/Patient-063.json  (clean)
Building v3 for Patient-064 (re-drafting ['LIL', 'PJRF', 'TCM'])…
  [retry] Patient-064/PJRF: correct option is length/wording-biased (1/5)
  [retry] Patient-064/TCM: correct option is length/wording-biased (1/5)
  -> data/lumiere/v3/drafts/Patient-064.json  (clean)
Building v3 for Patient-065 (re-drafting ['LIL', 'PJRF', 'TCM'])…
  [retry] Patient-065/PJRF: leaks ["option A: direction 'reduced'", "option C: direction 'progression'", "option D: direction 'progression'"] (1/8)
  -> data/lumiere/v3/drafts/Patient-065.json  (clean)
Building v3 for Patient-066 (re-drafting ['LIL', 'PJRF', 'TCM'])…
  [retry] Patient-066/TCM: leaks ["option D: direction 'Increase'"] (1/8)
  -> data/lumiere/v3/drafts/Patient-066.json  (clean)
Building v3 for Patient-067 (re-drafting ['LIL', 'PJRF', 'TCM'])…
  [retry] Patient-067/PJRF: correct option is length/wording-biased (1/5)
  -> data/lumiere/v3/drafts/Patient-067.json  (clean)
  [skip] Patient-068: missing v2 draft or facts
Building v3 for Patient-070 (re-drafting ['PJRF', 'TCM'])…
  [retry] Patient-070/TCM: leaks ["option D: direction 'increased'"] (1/8)
  -> data/lumiere/v3/drafts/Patient-070.json  (clean)
Building v3 for Patient-071 (re-drafting ['LIL', 'PJRF', 'TCM'])…
  -> data/lumiere/v3/drafts/Patient-071.json  (clean)
Building v3 for Patient-072 (re-drafting ['LIL', 'PJRF', 'TCM'])…
  [retry] Patient-072/PJRF: leaks ["option B: direction 'progression'"] (1/8)
  -> data/lumiere/v3/drafts/Patient-072.json  (clean)
Building v3 for Patient-073 (re-drafting ['LIL', 'PJRF', 'TCM'])…
  -> data/lumiere/v3/drafts/Patient-073.json  (clean)
Building v3 for Patient-074 (re-drafting ['PJRF', 'TCM'])…
  [retry] Patient-074/PJRF: leaks ["option A: direction 'progression'"] (1/8)
  -> data/lumiere/v3/drafts/Patient-074.json  (clean)
Building v3 for Patient-075 (re-drafting ['LIL', 'PJRF', 'TCM'])…
  [retry] Patient-075/LIL: correct option is length/wording-biased (1/5)
  [retry] Patient-075/PJRF: leaks ["option A: direction 'reduced'"] (1/8)
  [retry] Patient-075/TCM: correct option is length/wording-biased (1/5)
  -> data/lumiere/v3/drafts/Patient-075.json  (clean)
Building v3 for Patient-077 (re-drafting ['LIL', 'PJRF', 'TCM'])…
  [retry] Patient-077/PJRF: leaks ["option C: direction 'reduced'"] (1/8)
  -> data/lumiere/v3/drafts/Patient-077.json  (clean)
Building v3 for Patient-078 (re-drafting ['LIL', 'PJRF', 'TCM'])…
  -> data/lumiere/v3/drafts/Patient-078.json  (clean)
Building v3 for Patient-085 (re-drafting ['LIL', 'PJRF', 'TCM'])…
  [retry] Patient-085/PJRF: leaks ["option B: direction 'reduced'"] (1/8)
  [retry] Patient-085/TCM: leaks ["option D: RANO label 'stable disease'"] (1/8)
  -> data/lumiere/v3/drafts/Patient-085.json  (clean)
Building v3 for Patient-089 (re-drafting ['LIL', 'PJRF', 'TCM'])…
  [retry] Patient-089/PJRF: leaks ["option A: direction 'progression'", "option B: direction 'progression'", "option D: direction 'progression'"] (1/8)
  [retry] Patient-089/TCM: leaks ["option A: direction 'progression'", "option C: direction 'growth'"] (1/8)
  -> data/lumiere/v3/drafts/Patient-089.json  (clean)
Building v3 for Patient-091 (re-drafting ['LIL', 'PJRF', 'TCM'])…
  [retry] Patient-091/PJRF: leaks ["option D: direction 'progressive'"] (1/8)
  [retry] Patient-091/TCM: leaks ["option A: direction 'progression'", "option B: direction 'progression'", "option C: direction 'progression'"] (1/8)
  -> data/lumiere/v3/drafts/Patient-091.json  (clean)
